// Jest Snapshot v1, https://goo.gl/fbAQLP

exports[`inline-code.md 1`] = `
\`abc123\`

\`我a我1\`
~~~~~~~~~~~~~~~~~~~~~~~~~~~~~~~~~~~~~~~~~~~~~~~~~~~~~~~~~~~~~~~~~~~~~~~~~~~~~~~~
\`abc123\`

\`我a我1\`

`;
